[moon-template.webflow.io/index.html]
[backblue.gif]
[fade.gif]
[index.html]
[daks2k3a4ib2z.cloudfront.net/56d6955f710a7126338b8b1c/css/moon-template.webflow.37a45f006.css]
[ajax.googleapis.com/ajax/libs/webfont/1.4.7/webfont.js]
[daks2k3a4ib2z.cloudfront.net/0globals/modernizr-2.7.1.js]
[daks2k3a4ib2z.cloudfront.net/img/webclip.png]
[moon-template.webflow.io/all-posts.html]
[moon-template.webflow.io/about.html]
[moon-template.webflow.io/contact.html]
[moon-template.webflow.io/posts/coffee-variety-macchiato-as-organic-ut-variety-caffeine-americano.html]
[moon-template.webflow.io/categories/music.html]
[moon-template.webflow.io/posts/steamed-siphon-froth-mazagran-cafe-au-lait.html]
[ajax.googleapis.com/ajax/libs/jquery/2.2.0/jquery.min.js]
[moon-template.webflow.io/index.html]
[daks2k3a4ib2z.cloudfront.net/56d6955f710a7126338b8b1c/css/moon-template.webflow.37a45f006.css]
[moon-template.webflow.io/all-posts.html]
[moon-template.webflow.io/about.html]
[moon-template.webflow.io/contact.html]
[daks2k3a4ib2z.cloudfront.net/56d6955f710a7126338b8b1c/js/webflow.3283bff92.js]
[daks2k3a4ib2z.cloudfront.net/5630650d792da40716871a07/56cf68a9e668d307046b496e_photo-1433763472432-7970c9ba5349-bw.jpg]
[moon-template.webflow.io/posts/coffee-variety-macchiato-as-organic-ut-variety-caffeine-americano.html]
[moon-template.webflow.io/categories/music.html]
[moon-template.webflow.io/posts/steamed-siphon-froth-mazagran-cafe-au-lait.html]
[moon-template.webflow.io/categories/travel.html]
[moon-template.webflow.io/posts/coffee-sugar-chicory-seasonal-espresso-barista-americano.html]
[moon-template.webflow.io/posts/half-and-half-variety-milk-viennese-body-cappuccino.html]
[moon-template.webflow.io/posts/cafe-au-lait-turkish-doppio-ristretto.html]
[moon-template.webflow.io/categories/art.html]
[moon-template.webflow.io/categories/tech.html]
